// Jest Snapshot v1, https://goo.gl/fbAQLP

exports[`Landing Container should render given props 1`] = `
<div
  style={
    Object {
      "height": "100rem",
    }
  }
>
  Landing
</div>
`;
