// Jest Snapshot v1, https://goo.gl/fbAQLP

exports[`Layout Container should render given props 1`] = `
<div
  className="layout-container"
>
  <Header />
  <div
    className="layout-content"
  >
    <Grid>
      Test
    </Grid>
  </div>
  <Footer />
</div>
`;
