// Jest Snapshot v1, https://goo.gl/fbAQLP

exports[`ErrorBoundary Container should render given props 1`] = `<div />`;
